Copyright 1986-2022 Xilinx, Inc. All Rights Reserved. Copyright 2022-2025 Advanced Micro Devices, Inc. All Rights Reserved.
---------------------------------------------------------------------------------------------------------------------------------------------
| Tool Version : Vivado v.2025.1 (win64) Build 6140274 Thu May 22 00:12:29 MDT 2025
| Date         : Fri Dec 26 22:07:46 2025
| Host         : LAPTOP-N6UO8VGR running 64-bit major release  (build 9200)
| Command      : report_drc -file top_drc_routed.rpt -pb top_drc_routed.pb -rpx top_drc_routed.rpx
| Design       : top
| Device       : xc7z020clg400-1
| Speed File   : -1
| Design State : Fully Routed
---------------------------------------------------------------------------------------------------------------------------------------------

Report DRC

Table of Contents
-----------------
1. REPORT SUMMARY
2. REPORT DETAILS

1. REPORT SUMMARY
-----------------
            Netlist: netlist
          Floorplan: checkpoint_top
      Design limits: <entire design considered>
           Ruledeck: default
             Max checks: <unlimited>
             Checks found: 43
+-----------+----------+----------------------------+--------+
| Rule      | Severity | Description                | Checks |
+-----------+----------+----------------------------+--------+
| CHECK-3   | Warning  | Report rule limit reached  | 2      |
| REQP-1839 | Warning  | RAMB36 async control check | 20     |
| REQP-1840 | Warning  | RAMB18 async control check | 20     |
| ZPS7-1    | Warning  | PS7 block required         | 1      |
+-----------+----------+----------------------------+--------+

2. REPORT DETAILS
-----------------
CHECK-3#1 Warning
Report rule limit reached  
REQP-1839 rule limit reached: 20 violations have been found.
Related violations: <none>

CHECK-3#2 Warning
Report rule limit reached  
REQP-1840 rule limit reached: 20 violations have been found.
Related violations: <none>

REQP-1839#1 Warning
RAMB36 async control check  
The RAMB36E1 u_dmem/mem_reg_0_0_0 has an input control pin u_dmem/mem_reg_0_0_0/ADDRARDADDR[13] (net: u_dmem/ADDRARDADDR[13]) which is driven by a register (u_lsq/sq_head_reg[0]) that has an active asychronous set or reset. This may cause corruption of the memory contents and/or read values when the set/reset is asserted and is not analyzed by the default static timing analysis. It is suggested to eliminate the use of a set/reset to registers driving this RAMB pin or else use a synchronous reset in which the assertion of the reset is timed by default.
Related violations: <none>

REQP-1839#2 Warning
RAMB36 async control check  
The RAMB36E1 u_dmem/mem_reg_0_0_0 has an input control pin u_dmem/mem_reg_0_0_0/ADDRARDADDR[13] (net: u_dmem/ADDRARDADDR[13]) which is driven by a register (u_lsq/sq_head_reg[1]) that has an active asychronous set or reset. This may cause corruption of the memory contents and/or read values when the set/reset is asserted and is not analyzed by the default static timing analysis. It is suggested to eliminate the use of a set/reset to registers driving this RAMB pin or else use a synchronous reset in which the assertion of the reset is timed by default.
Related violations: <none>

REQP-1839#3 Warning
RAMB36 async control check  
The RAMB36E1 u_dmem/mem_reg_0_0_0 has an input control pin u_dmem/mem_reg_0_0_0/ADDRARDADDR[13] (net: u_dmem/ADDRARDADDR[13]) which is driven by a register (u_lsq/sq_head_reg[2]) that has an active asychronous set or reset. This may cause corruption of the memory contents and/or read values when the set/reset is asserted and is not analyzed by the default static timing analysis. It is suggested to eliminate the use of a set/reset to registers driving this RAMB pin or else use a synchronous reset in which the assertion of the reset is timed by default.
Related violations: <none>

REQP-1839#4 Warning
RAMB36 async control check  
The RAMB36E1 u_dmem/mem_reg_0_0_0 has an input control pin u_dmem/mem_reg_0_0_0/ADDRARDADDR[13] (net: u_dmem/ADDRARDADDR[13]) which is driven by a register (u_lsq/sq_reg[0][word_addr][13]) that has an active asychronous set or reset. This may cause corruption of the memory contents and/or read values when the set/reset is asserted and is not analyzed by the default static timing analysis. It is suggested to eliminate the use of a set/reset to registers driving this RAMB pin or else use a synchronous reset in which the assertion of the reset is timed by default.
Related violations: <none>

REQP-1839#5 Warning
RAMB36 async control check  
The RAMB36E1 u_dmem/mem_reg_0_0_0 has an input control pin u_dmem/mem_reg_0_0_0/ADDRARDADDR[13] (net: u_dmem/ADDRARDADDR[13]) which is driven by a register (u_lsq/sq_reg[1][word_addr][13]) that has an active asychronous set or reset. This may cause corruption of the memory contents and/or read values when the set/reset is asserted and is not analyzed by the default static timing analysis. It is suggested to eliminate the use of a set/reset to registers driving this RAMB pin or else use a synchronous reset in which the assertion of the reset is timed by default.
Related violations: <none>

REQP-1839#6 Warning
RAMB36 async control check  
The RAMB36E1 u_dmem/mem_reg_0_0_0 has an input control pin u_dmem/mem_reg_0_0_0/ADDRARDADDR[13] (net: u_dmem/ADDRARDADDR[13]) which is driven by a register (u_lsq/sq_reg[2][word_addr][13]) that has an active asychronous set or reset. This may cause corruption of the memory contents and/or read values when the set/reset is asserted and is not analyzed by the default static timing analysis. It is suggested to eliminate the use of a set/reset to registers driving this RAMB pin or else use a synchronous reset in which the assertion of the reset is timed by default.
Related violations: <none>

REQP-1839#7 Warning
RAMB36 async control check  
The RAMB36E1 u_dmem/mem_reg_0_0_0 has an input control pin u_dmem/mem_reg_0_0_0/ADDRARDADDR[13] (net: u_dmem/ADDRARDADDR[13]) which is driven by a register (u_lsq/sq_reg[3][word_addr][13]) that has an active asychronous set or reset. This may cause corruption of the memory contents and/or read values when the set/reset is asserted and is not analyzed by the default static timing analysis. It is suggested to eliminate the use of a set/reset to registers driving this RAMB pin or else use a synchronous reset in which the assertion of the reset is timed by default.
Related violations: <none>

REQP-1839#8 Warning
RAMB36 async control check  
The RAMB36E1 u_dmem/mem_reg_0_0_0 has an input control pin u_dmem/mem_reg_0_0_0/ADDRARDADDR[13] (net: u_dmem/ADDRARDADDR[13]) which is driven by a register (u_lsq/sq_reg[4][word_addr][13]) that has an active asychronous set or reset. This may cause corruption of the memory contents and/or read values when the set/reset is asserted and is not analyzed by the default static timing analysis. It is suggested to eliminate the use of a set/reset to registers driving this RAMB pin or else use a synchronous reset in which the assertion of the reset is timed by default.
Related violations: <none>

REQP-1839#9 Warning
RAMB36 async control check  
The RAMB36E1 u_dmem/mem_reg_0_0_0 has an input control pin u_dmem/mem_reg_0_0_0/ADDRARDADDR[13] (net: u_dmem/ADDRARDADDR[13]) which is driven by a register (u_lsq/sq_reg[5][word_addr][13]) that has an active asychronous set or reset. This may cause corruption of the memory contents and/or read values when the set/reset is asserted and is not analyzed by the default static timing analysis. It is suggested to eliminate the use of a set/reset to registers driving this RAMB pin or else use a synchronous reset in which the assertion of the reset is timed by default.
Related violations: <none>

REQP-1839#10 Warning
RAMB36 async control check  
The RAMB36E1 u_dmem/mem_reg_0_0_0 has an input control pin u_dmem/mem_reg_0_0_0/ADDRARDADDR[14] (net: u_dmem/ADDRARDADDR[14]) which is driven by a register (u_lsq/sq_head_reg[0]) that has an active asychronous set or reset. This may cause corruption of the memory contents and/or read values when the set/reset is asserted and is not analyzed by the default static timing analysis. It is suggested to eliminate the use of a set/reset to registers driving this RAMB pin or else use a synchronous reset in which the assertion of the reset is timed by default.
Related violations: <none>

REQP-1839#11 Warning
RAMB36 async control check  
The RAMB36E1 u_dmem/mem_reg_0_0_0 has an input control pin u_dmem/mem_reg_0_0_0/ADDRARDADDR[14] (net: u_dmem/ADDRARDADDR[14]) which is driven by a register (u_lsq/sq_head_reg[1]) that has an active asychronous set or reset. This may cause corruption of the memory contents and/or read values when the set/reset is asserted and is not analyzed by the default static timing analysis. It is suggested to eliminate the use of a set/reset to registers driving this RAMB pin or else use a synchronous reset in which the assertion of the reset is timed by default.
Related violations: <none>

REQP-1839#12 Warning
RAMB36 async control check  
The RAMB36E1 u_dmem/mem_reg_0_0_0 has an input control pin u_dmem/mem_reg_0_0_0/ADDRARDADDR[14] (net: u_dmem/ADDRARDADDR[14]) which is driven by a register (u_lsq/sq_head_reg[2]) that has an active asychronous set or reset. This may cause corruption of the memory contents and/or read values when the set/reset is asserted and is not analyzed by the default static timing analysis. It is suggested to eliminate the use of a set/reset to registers driving this RAMB pin or else use a synchronous reset in which the assertion of the reset is timed by default.
Related violations: <none>

REQP-1839#13 Warning
RAMB36 async control check  
The RAMB36E1 u_dmem/mem_reg_0_0_0 has an input control pin u_dmem/mem_reg_0_0_0/ADDRARDADDR[14] (net: u_dmem/ADDRARDADDR[14]) which is driven by a register (u_lsq/sq_reg[0][word_addr][14]) that has an active asychronous set or reset. This may cause corruption of the memory contents and/or read values when the set/reset is asserted and is not analyzed by the default static timing analysis. It is suggested to eliminate the use of a set/reset to registers driving this RAMB pin or else use a synchronous reset in which the assertion of the reset is timed by default.
Related violations: <none>

REQP-1839#14 Warning
RAMB36 async control check  
The RAMB36E1 u_dmem/mem_reg_0_0_0 has an input control pin u_dmem/mem_reg_0_0_0/ADDRARDADDR[14] (net: u_dmem/ADDRARDADDR[14]) which is driven by a register (u_lsq/sq_reg[1][word_addr][14]) that has an active asychronous set or reset. This may cause corruption of the memory contents and/or read values when the set/reset is asserted and is not analyzed by the default static timing analysis. It is suggested to eliminate the use of a set/reset to registers driving this RAMB pin or else use a synchronous reset in which the assertion of the reset is timed by default.
Related violations: <none>

REQP-1839#15 Warning
RAMB36 async control check  
The RAMB36E1 u_dmem/mem_reg_0_0_0 has an input control pin u_dmem/mem_reg_0_0_0/ADDRARDADDR[14] (net: u_dmem/ADDRARDADDR[14]) which is driven by a register (u_lsq/sq_reg[2][word_addr][14]) that has an active asychronous set or reset. This may cause corruption of the memory contents and/or read values when the set/reset is asserted and is not analyzed by the default static timing analysis. It is suggested to eliminate the use of a set/reset to registers driving this RAMB pin or else use a synchronous reset in which the assertion of the reset is timed by default.
Related violations: <none>

REQP-1839#16 Warning
RAMB36 async control check  
The RAMB36E1 u_dmem/mem_reg_0_0_0 has an input control pin u_dmem/mem_reg_0_0_0/ADDRARDADDR[14] (net: u_dmem/ADDRARDADDR[14]) which is driven by a register (u_lsq/sq_reg[3][word_addr][14]) that has an active asychronous set or reset. This may cause corruption of the memory contents and/or read values when the set/reset is asserted and is not analyzed by the default static timing analysis. It is suggested to eliminate the use of a set/reset to registers driving this RAMB pin or else use a synchronous reset in which the assertion of the reset is timed by default.
Related violations: <none>

REQP-1839#17 Warning
RAMB36 async control check  
The RAMB36E1 u_dmem/mem_reg_0_0_0 has an input control pin u_dmem/mem_reg_0_0_0/ADDRARDADDR[14] (net: u_dmem/ADDRARDADDR[14]) which is driven by a register (u_lsq/sq_reg[4][word_addr][14]) that has an active asychronous set or reset. This may cause corruption of the memory contents and/or read values when the set/reset is asserted and is not analyzed by the default static timing analysis. It is suggested to eliminate the use of a set/reset to registers driving this RAMB pin or else use a synchronous reset in which the assertion of the reset is timed by default.
Related violations: <none>

REQP-1839#18 Warning
RAMB36 async control check  
The RAMB36E1 u_dmem/mem_reg_0_0_0 has an input control pin u_dmem/mem_reg_0_0_0/ADDRARDADDR[14] (net: u_dmem/ADDRARDADDR[14]) which is driven by a register (u_lsq/sq_reg[5][word_addr][14]) that has an active asychronous set or reset. This may cause corruption of the memory contents and/or read values when the set/reset is asserted and is not analyzed by the default static timing analysis. It is suggested to eliminate the use of a set/reset to registers driving this RAMB pin or else use a synchronous reset in which the assertion of the reset is timed by default.
Related violations: <none>

REQP-1839#19 Warning
RAMB36 async control check  
The RAMB36E1 u_dmem/mem_reg_0_0_0 has an input control pin u_dmem/mem_reg_0_0_0/ADDRARDADDR[14] (net: u_dmem/ADDRARDADDR[14]) which is driven by a register (u_lsq/sq_reg[6][word_addr][14]) that has an active asychronous set or reset. This may cause corruption of the memory contents and/or read values when the set/reset is asserted and is not analyzed by the default static timing analysis. It is suggested to eliminate the use of a set/reset to registers driving this RAMB pin or else use a synchronous reset in which the assertion of the reset is timed by default.
Related violations: <none>

REQP-1839#20 Warning
RAMB36 async control check  
The RAMB36E1 u_dmem/mem_reg_0_0_0 has an input control pin u_dmem/mem_reg_0_0_0/ADDRARDADDR[14] (net: u_dmem/ADDRARDADDR[14]) which is driven by a register (u_lsq/sq_reg[7][word_addr][14]) that has an active asychronous set or reset. This may cause corruption of the memory contents and/or read values when the set/reset is asserted and is not analyzed by the default static timing analysis. It is suggested to eliminate the use of a set/reset to registers driving this RAMB pin or else use a synchronous reset in which the assertion of the reset is timed by default.
Related violations: <none>

REQP-1840#1 Warning
RAMB18 async control check  
The RAMB18E1 data_skid_reg[41]_i_1 has an input control pin data_skid_reg[41]_i_1/ADDRARDADDR[13] (net: u_bp_n_192) which is driven by a register (u_bp/BHT_r_reg[0][1]) that has an active asychronous set or reset. This may cause corruption of the memory contents and/or read values when the set/reset is asserted and is not analyzed by the default static timing analysis. It is suggested to eliminate the use of a set/reset to registers driving this RAMB pin or else use a synchronous reset in which the assertion of the reset is timed by default.
Related violations: <none>

REQP-1840#2 Warning
RAMB18 async control check  
The RAMB18E1 data_skid_reg[41]_i_1 has an input control pin data_skid_reg[41]_i_1/ADDRARDADDR[13] (net: u_bp_n_192) which is driven by a register (u_bp/BHT_r_reg[1][1]) that has an active asychronous set or reset. This may cause corruption of the memory contents and/or read values when the set/reset is asserted and is not analyzed by the default static timing analysis. It is suggested to eliminate the use of a set/reset to registers driving this RAMB pin or else use a synchronous reset in which the assertion of the reset is timed by default.
Related violations: <none>

REQP-1840#3 Warning
RAMB18 async control check  
The RAMB18E1 data_skid_reg[41]_i_1 has an input control pin data_skid_reg[41]_i_1/ADDRARDADDR[13] (net: u_bp_n_192) which is driven by a register (u_bp/BHT_r_reg[2][1]) that has an active asychronous set or reset. This may cause corruption of the memory contents and/or read values when the set/reset is asserted and is not analyzed by the default static timing analysis. It is suggested to eliminate the use of a set/reset to registers driving this RAMB pin or else use a synchronous reset in which the assertion of the reset is timed by default.
Related violations: <none>

REQP-1840#4 Warning
RAMB18 async control check  
The RAMB18E1 data_skid_reg[41]_i_1 has an input control pin data_skid_reg[41]_i_1/ADDRARDADDR[13] (net: u_bp_n_192) which is driven by a register (u_bp/BHT_r_reg[3][1]) that has an active asychronous set or reset. This may cause corruption of the memory contents and/or read values when the set/reset is asserted and is not analyzed by the default static timing analysis. It is suggested to eliminate the use of a set/reset to registers driving this RAMB pin or else use a synchronous reset in which the assertion of the reset is timed by default.
Related violations: <none>

REQP-1840#5 Warning
RAMB18 async control check  
The RAMB18E1 data_skid_reg[41]_i_1 has an input control pin data_skid_reg[41]_i_1/ADDRARDADDR[13] (net: u_bp_n_192) which is driven by a register (u_bp/BHT_r_reg[4][1]) that has an active asychronous set or reset. This may cause corruption of the memory contents and/or read values when the set/reset is asserted and is not analyzed by the default static timing analysis. It is suggested to eliminate the use of a set/reset to registers driving this RAMB pin or else use a synchronous reset in which the assertion of the reset is timed by default.
Related violations: <none>

REQP-1840#6 Warning
RAMB18 async control check  
The RAMB18E1 data_skid_reg[41]_i_1 has an input control pin data_skid_reg[41]_i_1/ADDRARDADDR[13] (net: u_bp_n_192) which is driven by a register (u_bp/BHT_r_reg[5][1]) that has an active asychronous set or reset. This may cause corruption of the memory contents and/or read values when the set/reset is asserted and is not analyzed by the default static timing analysis. It is suggested to eliminate the use of a set/reset to registers driving this RAMB pin or else use a synchronous reset in which the assertion of the reset is timed by default.
Related violations: <none>

REQP-1840#7 Warning
RAMB18 async control check  
The RAMB18E1 data_skid_reg[41]_i_1 has an input control pin data_skid_reg[41]_i_1/ADDRARDADDR[13] (net: u_bp_n_192) which is driven by a register (u_bp/BHT_r_reg[6][1]) that has an active asychronous set or reset. This may cause corruption of the memory contents and/or read values when the set/reset is asserted and is not analyzed by the default static timing analysis. It is suggested to eliminate the use of a set/reset to registers driving this RAMB pin or else use a synchronous reset in which the assertion of the reset is timed by default.
Related violations: <none>

REQP-1840#8 Warning
RAMB18 async control check  
The RAMB18E1 data_skid_reg[41]_i_1 has an input control pin data_skid_reg[41]_i_1/ADDRARDADDR[13] (net: u_bp_n_192) which is driven by a register (u_bp/BHT_r_reg[7][1]) that has an active asychronous set or reset. This may cause corruption of the memory contents and/or read values when the set/reset is asserted and is not analyzed by the default static timing analysis. It is suggested to eliminate the use of a set/reset to registers driving this RAMB pin or else use a synchronous reset in which the assertion of the reset is timed by default.
Related violations: <none>

REQP-1840#9 Warning
RAMB18 async control check  
The RAMB18E1 data_skid_reg[41]_i_1 has an input control pin data_skid_reg[41]_i_1/ADDRARDADDR[13] (net: u_bp_n_192) which is driven by a register (u_bp/is_jalr_r_reg[0]) that has an active asychronous set or reset. This may cause corruption of the memory contents and/or read values when the set/reset is asserted and is not analyzed by the default static timing analysis. It is suggested to eliminate the use of a set/reset to registers driving this RAMB pin or else use a synchronous reset in which the assertion of the reset is timed by default.
Related violations: <none>

REQP-1840#10 Warning
RAMB18 async control check  
The RAMB18E1 data_skid_reg[41]_i_1 has an input control pin data_skid_reg[41]_i_1/ADDRARDADDR[13] (net: u_bp_n_192) which is driven by a register (u_bp/is_jalr_r_reg[1]) that has an active asychronous set or reset. This may cause corruption of the memory contents and/or read values when the set/reset is asserted and is not analyzed by the default static timing analysis. It is suggested to eliminate the use of a set/reset to registers driving this RAMB pin or else use a synchronous reset in which the assertion of the reset is timed by default.
Related violations: <none>

REQP-1840#11 Warning
RAMB18 async control check  
The RAMB18E1 data_skid_reg[41]_i_1 has an input control pin data_skid_reg[41]_i_1/ADDRARDADDR[13] (net: u_bp_n_192) which is driven by a register (u_bp/is_jalr_r_reg[2]) that has an active asychronous set or reset. This may cause corruption of the memory contents and/or read values when the set/reset is asserted and is not analyzed by the default static timing analysis. It is suggested to eliminate the use of a set/reset to registers driving this RAMB pin or else use a synchronous reset in which the assertion of the reset is timed by default.
Related violations: <none>

REQP-1840#12 Warning
RAMB18 async control check  
The RAMB18E1 data_skid_reg[41]_i_1 has an input control pin data_skid_reg[41]_i_1/ADDRARDADDR[13] (net: u_bp_n_192) which is driven by a register (u_bp/is_jalr_r_reg[3]) that has an active asychronous set or reset. This may cause corruption of the memory contents and/or read values when the set/reset is asserted and is not analyzed by the default static timing analysis. It is suggested to eliminate the use of a set/reset to registers driving this RAMB pin or else use a synchronous reset in which the assertion of the reset is timed by default.
Related violations: <none>

REQP-1840#13 Warning
RAMB18 async control check  
The RAMB18E1 data_skid_reg[41]_i_1 has an input control pin data_skid_reg[41]_i_1/ADDRARDADDR[13] (net: u_bp_n_192) which is driven by a register (u_bp/is_jalr_r_reg[4]) that has an active asychronous set or reset. This may cause corruption of the memory contents and/or read values when the set/reset is asserted and is not analyzed by the default static timing analysis. It is suggested to eliminate the use of a set/reset to registers driving this RAMB pin or else use a synchronous reset in which the assertion of the reset is timed by default.
Related violations: <none>

REQP-1840#14 Warning
RAMB18 async control check  
The RAMB18E1 data_skid_reg[41]_i_1 has an input control pin data_skid_reg[41]_i_1/ADDRARDADDR[13] (net: u_bp_n_192) which is driven by a register (u_bp/is_jalr_r_reg[5]) that has an active asychronous set or reset. This may cause corruption of the memory contents and/or read values when the set/reset is asserted and is not analyzed by the default static timing analysis. It is suggested to eliminate the use of a set/reset to registers driving this RAMB pin or else use a synchronous reset in which the assertion of the reset is timed by default.
Related violations: <none>

REQP-1840#15 Warning
RAMB18 async control check  
The RAMB18E1 data_skid_reg[41]_i_1 has an input control pin data_skid_reg[41]_i_1/ADDRARDADDR[13] (net: u_bp_n_192) which is driven by a register (u_bp/is_jalr_r_reg[6]) that has an active asychronous set or reset. This may cause corruption of the memory contents and/or read values when the set/reset is asserted and is not analyzed by the default static timing analysis. It is suggested to eliminate the use of a set/reset to registers driving this RAMB pin or else use a synchronous reset in which the assertion of the reset is timed by default.
Related violations: <none>

REQP-1840#16 Warning
RAMB18 async control check  
The RAMB18E1 data_skid_reg[41]_i_1 has an input control pin data_skid_reg[41]_i_1/ADDRARDADDR[13] (net: u_bp_n_192) which is driven by a register (u_bp/is_jalr_r_reg[7]) that has an active asychronous set or reset. This may cause corruption of the memory contents and/or read values when the set/reset is asserted and is not analyzed by the default static timing analysis. It is suggested to eliminate the use of a set/reset to registers driving this RAMB pin or else use a synchronous reset in which the assertion of the reset is timed by default.
Related violations: <none>

REQP-1840#17 Warning
RAMB18 async control check  
The RAMB18E1 data_skid_reg[41]_i_1 has an input control pin data_skid_reg[41]_i_1/ADDRARDADDR[13] (net: u_bp_n_192) which is driven by a register (u_bp/tag_r_reg[0][7]) that has an active asychronous set or reset. This may cause corruption of the memory contents and/or read values when the set/reset is asserted and is not analyzed by the default static timing analysis. It is suggested to eliminate the use of a set/reset to registers driving this RAMB pin or else use a synchronous reset in which the assertion of the reset is timed by default.
Related violations: <none>

REQP-1840#18 Warning
RAMB18 async control check  
The RAMB18E1 data_skid_reg[41]_i_1 has an input control pin data_skid_reg[41]_i_1/ADDRARDADDR[13] (net: u_bp_n_192) which is driven by a register (u_bp/tag_r_reg[1][12]) that has an active asychronous set or reset. This may cause corruption of the memory contents and/or read values when the set/reset is asserted and is not analyzed by the default static timing analysis. It is suggested to eliminate the use of a set/reset to registers driving this RAMB pin or else use a synchronous reset in which the assertion of the reset is timed by default.
Related violations: <none>

REQP-1840#19 Warning
RAMB18 async control check  
The RAMB18E1 data_skid_reg[41]_i_1 has an input control pin data_skid_reg[41]_i_1/ADDRARDADDR[13] (net: u_bp_n_192) which is driven by a register (u_bp/tag_r_reg[1][17]) that has an active asychronous set or reset. This may cause corruption of the memory contents and/or read values when the set/reset is asserted and is not analyzed by the default static timing analysis. It is suggested to eliminate the use of a set/reset to registers driving this RAMB pin or else use a synchronous reset in which the assertion of the reset is timed by default.
Related violations: <none>

REQP-1840#20 Warning
RAMB18 async control check  
The RAMB18E1 data_skid_reg[41]_i_1 has an input control pin data_skid_reg[41]_i_1/ADDRARDADDR[13] (net: u_bp_n_192) which is driven by a register (u_bp/tag_r_reg[1][18]) that has an active asychronous set or reset. This may cause corruption of the memory contents and/or read values when the set/reset is asserted and is not analyzed by the default static timing analysis. It is suggested to eliminate the use of a set/reset to registers driving this RAMB pin or else use a synchronous reset in which the assertion of the reset is timed by default.
Related violations: <none>

ZPS7-1#1 Warning
PS7 block required  
The PS7 cell must be used in this Zynq design in order to enable correct default configuration.
Related violations: <none>


