Copyright 1986-2022 Xilinx, Inc. All Rights Reserved. Copyright 2022-2025 Advanced Micro Devices, Inc. All Rights Reserved.
--------------------------------------------------------------------------------------------------------------------------------------------------------------------
| Tool Version : Vivado v.2025.1 (win64) Build 6140274 Thu May 22 00:12:29 MDT 2025
| Date         : Mon Dec 15 20:46:30 2025
| Host         : LAPTOP-N6UO8VGR running 64-bit major release  (build 9200)
| Command      : report_timing -delay_type max -max_paths 1 -path_type full_clock -sort_by slack -file D:/Vivado_Project/116C_Honor/189_ooo_processor_top/path1.rpt
| Design       : top
| Device       : 7z020-clg400
| Speed File   : -1  PRODUCTION 1.12 2019-11-22
| Design State : Synthesized
--------------------------------------------------------------------------------------------------------------------------------------------------------------------

Timing Report

Slack (VIOLATED) :        -25.397ns  (required time - arrival time)
  Source:                 u_dispatch/u_prf/busy_reg[119]/C
                            (rising edge-triggered cell FDCE clocked by sys_clk_pin  {rise@0.000ns fall@4.000ns period=8.000ns})
  Destination:            u_dmem/mem_reg_0_0_0/WEA[0]
                            (rising edge-triggered cell RAMB36E1 clocked by sys_clk_pin  {rise@0.000ns fall@4.000ns period=8.000ns})
  Path Group:             sys_clk_pin
  Path Type:              Setup (Max at Slow Process Corner)
  Requirement:            8.000ns  (sys_clk_pin rise@8.000ns - sys_clk_pin rise@0.000ns)
  Data Path Delay:        32.685ns  (logic 7.866ns (24.066%)  route 24.819ns (75.934%))
  Logic Levels:           45  (CARRY4=5 LUT3=3 LUT4=5 LUT5=8 LUT6=20 MUXF7=3 MUXF8=1)
  Clock Path Skew:        -0.145ns (DCD - SCD + CPR)
    Destination Clock Delay (DCD):    2.670ns = ( 10.670 - 8.000 ) 
    Source Clock Delay      (SCD):    2.935ns
    Clock Pessimism Removal (CPR):    0.120ns
  Clock Uncertainty:      0.035ns  ((TSJ^2 + TIJ^2)^1/2 + DJ) / 2 + PE
    Total System Jitter     (TSJ):    0.071ns
    Total Input Jitter      (TIJ):    0.000ns
    Discrete Jitter          (DJ):    0.000ns
    Phase Error              (PE):    0.000ns

    Location             Delay type                Incr(ns)  Path(ns)    Netlist Resource(s)
  -------------------------------------------------------------------    -------------------
                         (clock sys_clk_pin rise edge)
                                                      0.000     0.000 r  
    H16                                               0.000     0.000 r  clk (IN)
                         net (fo=0)                   0.000     0.000    clk
    H16                  IBUF (Prop_ibuf_I_O)         1.451     1.451 r  clk_IBUF_inst/O
                         net (fo=1, unplaced)         0.800     2.250    clk_IBUF
                         BUFG (Prop_bufg_I_O)         0.101     2.351 r  clk_IBUF_BUFG_inst/O
                         net (fo=14123, unplaced)     0.584     2.935    u_dispatch/u_prf/clk_IBUF_BUFG
                         FDCE                                         r  u_dispatch/u_prf/busy_reg[119]/C
  -------------------------------------------------------------------    -------------------
                         FDCE (Prop_fdce_C_Q)         0.478     3.413 f  u_dispatch/u_prf/busy_reg[119]/Q
                         net (fo=49, unplaced)        1.047     4.460    u_dispatch/u_prf/prf_busy_bits[118]
                         LUT6 (Prop_lut6_I0_O)        0.295     4.755 f  u_dispatch/u_prf/slots[1][valid]_i_868/O
                         net (fo=1, unplaced)         0.000     4.755    u_dispatch/u_prf/slots[1][valid]_i_868_n_0
                         MUXF7 (Prop_muxf7_I1_O)      0.247     5.002 f  u_dispatch/u_prf/slots_reg[1][valid]_i_715/O
                         net (fo=1, unplaced)         0.000     5.002    u_dispatch/u_prf/slots_reg[1][valid]_i_715_n_0
                         MUXF8 (Prop_muxf8_I0_O)      0.098     5.100 f  u_dispatch/u_prf/slots_reg[1][valid]_i_637/O
                         net (fo=1, unplaced)         0.717     5.817    u_dispatch/u_prf/slots_reg[1][valid]_i_637_n_0
                         LUT6 (Prop_lut6_I0_O)        0.319     6.136 f  u_dispatch/u_prf/slots[1][valid]_i_531/O
                         net (fo=1, unplaced)         0.000     6.136    u_dispatch/u_prf/slots[1][valid]_i_531_n_0
                         MUXF7 (Prop_muxf7_I1_O)      0.247     6.383 f  u_dispatch/u_prf/slots_reg[1][valid]_i_399/O
                         net (fo=1, unplaced)         0.452     6.835    u_lsu/slots[1][valid]_i_185_2
                         LUT6 (Prop_lut6_I5_O)        0.298     7.133 r  u_lsu/slots[1][valid]_i_259/O
                         net (fo=1, unplaced)         0.449     7.582    u_branch/slots[1][valid]_i_490_0
                         LUT5 (Prop_lut5_I3_O)        0.124     7.706 r  u_branch/slots[1][valid]_i_185/O
                         net (fo=13, unplaced)        0.499     8.205    u_dispatch/u_rs_lsu/has_ready1_33
                         LUT6 (Prop_lut6_I2_O)        0.124     8.329 r  u_dispatch/u_rs_lsu/slots[1][valid]_i_415/O
                         net (fo=1, unplaced)         0.902     9.231    u_dispatch/u_rs_lsu/slots[1][valid]_i_415_n_0
                         LUT6 (Prop_lut6_I0_O)        0.124     9.355 r  u_dispatch/u_rs_lsu/slots[1][valid]_i_265/O
                         net (fo=3, unplaced)         0.467     9.822    u_dispatch/u_rs_lsu/slots[1][valid]_i_265_n_0
                         LUT5 (Prop_lut5_I0_O)        0.124     9.946 r  u_dispatch/u_rs_lsu/slots[1][valid]_i_190/O
                         net (fo=11, unplaced)        0.495    10.441    u_dispatch/u_rs_lsu/slots[1][valid]_i_190_n_0
                         LUT5 (Prop_lut5_I3_O)        0.124    10.565 f  u_dispatch/u_rs_lsu/slots[1][valid]_i_134/O
                         net (fo=4, unplaced)         0.926    11.491    u_dispatch/u_rs_lsu/slots[1][valid]_i_134_n_0
                         LUT6 (Prop_lut6_I0_O)        0.124    11.615 f  u_dispatch/u_rs_lsu/slots[1][valid]_i_248/O
                         net (fo=6, unplaced)         0.481    12.096    u_dispatch/u_rs_lsu/has_ready13_out
                         LUT3 (Prop_lut3_I1_O)        0.124    12.220 r  u_dispatch/u_rs_lsu/slots[1][valid]_i_168/O
                         net (fo=2, unplaced)         0.460    12.680    u_dispatch/u_rs_lsu/slots[1][valid]_i_168_n_0
                         LUT6 (Prop_lut6_I4_O)        0.124    12.804 r  u_dispatch/u_rs_lsu/slots[1][valid]_i_125/O
                         net (fo=1, unplaced)         0.902    13.706    u_dispatch/u_rs_lsu/slots[1][valid]_i_125_n_0
                         LUT6 (Prop_lut6_I0_O)        0.124    13.830 r  u_dispatch/u_rs_lsu/slots[1][valid]_i_82/O
                         net (fo=10, unplaced)        0.492    14.322    u_dispatch/u_rs_lsu/has_ready16_out
                         LUT3 (Prop_lut3_I0_O)        0.124    14.446 r  u_dispatch/u_rs_lsu/slots[1][valid]_i_137/O
                         net (fo=4, unplaced)         0.473    14.919    u_dispatch/u_rs_lsu/slots[1][valid]_i_137_n_0
                         LUT6 (Prop_lut6_I4_O)        0.124    15.043 r  u_dispatch/u_rs_lsu/slots[1][valid]_i_109/O
                         net (fo=2, unplaced)         0.460    15.503    u_dispatch/u_rs_lsu/slots[1][valid]_i_109_n_0
                         LUT4 (Prop_lut4_I0_O)        0.124    15.627 r  u_dispatch/u_rs_lsu/slots[1][valid]_i_74/O
                         net (fo=1, unplaced)         0.902    16.529    u_dispatch/u_rs_lsu/slots[1][valid]_i_74_n_0
                         LUT6 (Prop_lut6_I2_O)        0.124    16.653 r  u_dispatch/u_rs_lsu/slots[1][valid]_i_38/O
                         net (fo=3, unplaced)         0.467    17.120    u_dispatch/u_rs_lsu/has_ready19_out
                         LUT3 (Prop_lut3_I0_O)        0.124    17.244 r  u_dispatch/u_rs_lsu/s1_valid_i_23/O
                         net (fo=7, unplaced)         0.937    18.181    u_dispatch/u_rs_lsu/s1_valid_i_23_n_0
                         LUT6 (Prop_lut6_I2_O)        0.124    18.305 r  u_dispatch/u_rs_lsu/s1_valid_i_73/O
                         net (fo=2, unplaced)         0.913    19.218    u_dispatch/u_rs_lsu/s1_valid_i_73_n_0
                         LUT6 (Prop_lut6_I0_O)        0.124    19.342 r  u_dispatch/u_rs_lsu/slots[1][valid]_i_57/O
                         net (fo=2, unplaced)         0.460    19.802    u_dispatch/u_rs_lsu/slots[1][valid]_i_57_n_0
                         LUT6 (Prop_lut6_I1_O)        0.124    19.926 r  u_dispatch/u_rs_lsu/slots[1][valid]_i_41/O
                         net (fo=6, unplaced)         0.481    20.407    u_dispatch/u_rs_lsu/slots[1][valid]_i_41_n_0
                         LUT6 (Prop_lut6_I4_O)        0.124    20.531 r  u_dispatch/u_rs_lsu/slots[1][valid]_i_97/O
                         net (fo=1, unplaced)         0.902    21.433    u_dispatch/u_rs_lsu/slots[1][valid]_i_97_n_0
                         LUT6 (Prop_lut6_I0_O)        0.124    21.557 r  u_dispatch/u_rs_lsu/slots[1][valid]_i_52/O
                         net (fo=2, unplaced)         0.460    22.017    u_dispatch/u_rs_lsu/slots[1][valid]_i_52_n_0
                         LUT6 (Prop_lut6_I5_O)        0.124    22.141 r  u_dispatch/u_rs_lsu/slots[1][valid]_i_33/O
                         net (fo=1, unplaced)         0.449    22.590    u_dispatch/u_rs_lsu/slots[1][valid]_i_33_n_0
                         LUT6 (Prop_lut6_I4_O)        0.124    22.714 r  u_dispatch/u_rs_lsu/slots[1][valid]_i_14/O
                         net (fo=3, unplaced)         0.467    23.181    u_dispatch/u_rs_lsu/has_ready115_out
                         LUT5 (Prop_lut5_I3_O)        0.124    23.305 r  u_dispatch/u_rs_lsu/s1_valid_i_10/O
                         net (fo=8, unplaced)         0.512    23.817    u_dispatch/u_rs_lsu/s1_valid_i_10_n_0
                         MUXF7 (Prop_muxf7_S_O)       0.314    24.131 r  u_dispatch/u_rs_lsu/slots_reg[1][valid]_i_18/O
                         net (fo=1, unplaced)         0.905    25.036    u_dispatch/u_rs_lsu/age_dist[0]
                         LUT6 (Prop_lut6_I0_O)        0.298    25.334 r  u_dispatch/u_rs_lsu/slots[1][valid]_i_10/O
                         net (fo=2, unplaced)         0.460    25.794    u_dispatch/u_rs_lsu/slots[1][valid]_i_10_n_0
                         LUT6 (Prop_lut6_I1_O)        0.124    25.918 r  u_dispatch/u_rs_lsu/slots[1][valid]_i_6/O
                         net (fo=134, unplaced)       0.556    26.474    u_dispatch/u_rs_lsu/issue_idx[0]
                         LUT6 (Prop_lut6_I4_O)        0.124    26.598 r  u_dispatch/u_rs_lsu/s1_addr[31]_i_85/O
                         net (fo=1, unplaced)         0.902    27.500    u_dispatch/u_rs_lsu/s1_addr[31]_i_85_n_0
                         LUT4 (Prop_lut4_I1_O)        0.124    27.624 r  u_dispatch/u_rs_lsu/s1_addr[31]_i_44/O
                         net (fo=68, unplaced)        0.992    28.616    u_dispatch/u_rs_lsu/slots_reg[3][pkt][src0_prf][5]_0
                         LUT4 (Prop_lut4_I1_O)        0.124    28.740 r  u_dispatch/u_rs_lsu/s1_addr[31]_i_45/O
                         net (fo=1, unplaced)         0.449    29.189    u_dispatch/u_rs_lsu/s1_addr[31]_i_45_n_0
                         LUT4 (Prop_lut4_I3_O)        0.124    29.313 f  u_dispatch/u_rs_lsu/s1_addr[31]_i_26/O
                         net (fo=3, unplaced)         0.467    29.780    u_lsu/s1_addr[3]_i_13_0
                         LUT4 (Prop_lut4_I2_O)        0.124    29.904 r  u_lsu/s1_addr[31]_i_29/O
                         net (fo=32, unplaced)        0.973    30.877    u_dispatch/u_prf/s1_addr[3]_i_5
                         LUT5 (Prop_lut5_I1_O)        0.124    31.001 r  u_dispatch/u_prf/s1_addr[3]_i_12/O
                         net (fo=1, unplaced)         0.449    31.450    u_dispatch/u_rs_lsu/s1_addr_reg[3]_0
                         LUT5 (Prop_lut5_I4_O)        0.124    31.574 r  u_dispatch/u_rs_lsu/s1_addr[3]_i_4/O
                         net (fo=2, unplaced)         0.650    32.224    u_dispatch/u_rs_lsu/lsu_src0_data[1]
                         CARRY4 (Prop_carry4_DI[1]_CO[3])
                                                      0.520    32.744 r  u_dispatch/u_rs_lsu/s1_addr_reg[3]_i_1/CO[3]
                         net (fo=1, unplaced)         0.009    32.753    u_dispatch/u_rs_lsu/s1_addr_reg[3]_i_1_n_0
                         CARRY4 (Prop_carry4_CI_CO[3])
                                                      0.117    32.870 r  u_dispatch/u_rs_lsu/s1_addr_reg[7]_i_1/CO[3]
                         net (fo=1, unplaced)         0.000    32.870    u_dispatch/u_rs_lsu/s1_addr_reg[7]_i_1_n_0
                         CARRY4 (Prop_carry4_CI_CO[3])
                                                      0.117    32.987 r  u_dispatch/u_rs_lsu/s1_addr_reg[11]_i_1/CO[3]
                         net (fo=1, unplaced)         0.000    32.987    u_dispatch/u_rs_lsu/s1_addr_reg[11]_i_1_n_0
                         CARRY4 (Prop_carry4_CI_CO[3])
                                                      0.117    33.104 r  u_dispatch/u_rs_lsu/s1_addr_reg[15]_i_1/CO[3]
                         net (fo=1, unplaced)         0.000    33.104    u_dispatch/u_rs_lsu/s1_addr_reg[15]_i_1_n_0
                         CARRY4 (Prop_carry4_CI_O[2])
                                                      0.256    33.360 f  u_dispatch/u_rs_lsu/s1_addr_reg[19]_i_1/O[2]
                         net (fo=16, unplaced)        0.506    33.866    u_lsq/store_byte_offset[16]
                         LUT5 (Prop_lut5_I3_O)        0.301    34.167 f  u_lsq/rd_addr_d0[16]_i_2/O
                         net (fo=45, unplaced)        0.529    34.696    u_lsq/sq_head_reg[2]_14
                         LUT5 (Prop_lut5_I4_O)        0.124    34.820 r  u_lsq/mem_reg_0_0_0_i_4/O
                         net (fo=10, unplaced)        0.800    35.620    u_dmem/WEA[0]
                         RAMB36E1                                     r  u_dmem/mem_reg_0_0_0/WEA[0]
  -------------------------------------------------------------------    -------------------

                         (clock sys_clk_pin rise edge)
                                                      8.000     8.000 r  
    H16                                               0.000     8.000 r  clk (IN)
                         net (fo=0)                   0.000     8.000    clk
    H16                  IBUF (Prop_ibuf_I_O)         1.380     9.380 r  clk_IBUF_inst/O
                         net (fo=1, unplaced)         0.760    10.140    clk_IBUF
                         BUFG (Prop_bufg_I_O)         0.091    10.231 r  clk_IBUF_BUFG_inst/O
                         net (fo=14123, unplaced)     0.439    10.670    u_dmem/clk_IBUF_BUFG
                         RAMB36E1                                     r  u_dmem/mem_reg_0_0_0/CLKARDCLK
                         clock pessimism              0.120    10.790    
                         clock uncertainty           -0.035    10.755    
                         RAMB36E1 (Setup_ramb36e1_CLKARDCLK_WEA[0])
                                                     -0.532    10.223    u_dmem/mem_reg_0_0_0
  -------------------------------------------------------------------
                         required time                         10.223    
                         arrival time                         -35.620    
  -------------------------------------------------------------------
                         slack                                -25.397    




