Time resolution is 1 ps
COMMIT #1 @cycle 7
COMMIT #2 @cycle 9
COMMIT #3 @cycle 10
COMMIT #4 @cycle 11
COMMIT #5 @cycle 14
COMMIT #1 @cycle 7
COMMIT #2 @cycle 9
COMMIT #3 @cycle 10
COMMIT #4 @cycle 11
COMMIT #5 @cycle 14
WARNING: Simulation timeout!
========================================
Simulation Complete
Total commits: 5
Total cycles:  14 (to last commit)
IPC:           0.357
Final PC: 0x00000128
Register Values:
  a0 (x10) = 0
  a1 (x11) = 0
========================================
$finish called at time : 30045 ns : File "D:/Vivado_Project/116C_Honor/189_ooo_processor_top/189_ooo_processor_top.srcs/sim_1/new/top_tb.sv" Line 162
