INFO: [VRFC 10-2263] Analyzing SystemVerilog file "D:/Vivado_Project/116C_Honor/189_ooo_processor_top/189_ooo_processor_top.srcs/sources_1/imports/new/cpu_pkg.sv" into library xil_defaultlib
INFO: [VRFC 10-2263] Analyzing SystemVerilog file "D:/Vivado_Project/116C_Honor/189_ooo_processor_top/189_ooo_processor_top.srcs/sources_1/imports/new/ALU.sv" into library xil_defaultlib
INFO: [VRFC 10-311] analyzing module ALU_unit
INFO: [VRFC 10-2263] Analyzing SystemVerilog file "D:/Vivado_Project/116C_Honor/189_ooo_processor_top/189_ooo_processor_top.srcs/sources_1/new/LSQ.sv" into library xil_defaultlib
INFO: [VRFC 10-311] analyzing module LSQ
INFO: [VRFC 10-2263] Analyzing SystemVerilog file "D:/Vivado_Project/116C_Honor/189_ooo_processor_top/189_ooo_processor_top.srcs/sources_1/imports/new/LSU.sv" into library xil_defaultlib
INFO: [VRFC 10-311] analyzing module LSU_unit
INFO: [VRFC 10-2263] Analyzing SystemVerilog file "D:/Vivado_Project/116C_Honor/189_ooo_processor_top/189_ooo_processor_top.srcs/sources_1/imports/new/PRF.sv" into library xil_defaultlib
INFO: [VRFC 10-311] analyzing module PRF
INFO: [VRFC 10-2263] Analyzing SystemVerilog file "D:/Vivado_Project/116C_Honor/189_ooo_processor_top/189_ooo_processor_top.srcs/sources_1/imports/new/ROB.sv" into library xil_defaultlib
INFO: [VRFC 10-311] analyzing module ROB
INFO: [VRFC 10-2263] Analyzing SystemVerilog file "D:/Vivado_Project/116C_Honor/189_ooo_processor_top/189_ooo_processor_top.srcs/sources_1/imports/new/RS.sv" into library xil_defaultlib
INFO: [VRFC 10-311] analyzing module RS
INFO: [VRFC 10-2263] Analyzing SystemVerilog file "D:/Vivado_Project/116C_Honor/189_ooo_processor_top/189_ooo_processor_top.srcs/sources_1/imports/new/alu_control.sv" into library xil_defaultlib
INFO: [VRFC 10-311] analyzing module alu_control
INFO: [VRFC 10-2263] Analyzing SystemVerilog file "D:/Vivado_Project/116C_Honor/189_ooo_processor_top/189_ooo_processor_top.srcs/sources_1/new/branch_predictor.sv" into library xil_defaultlib
INFO: [VRFC 10-311] analyzing module branch_predictor
INFO: [VRFC 10-2263] Analyzing SystemVerilog file "D:/Vivado_Project/116C_Honor/189_ooo_processor_top/189_ooo_processor_top.srcs/sources_1/imports/new/branch_unit.sv" into library xil_defaultlib
INFO: [VRFC 10-311] analyzing module branch_unit
INFO: [VRFC 10-2263] Analyzing SystemVerilog file "D:/Vivado_Project/116C_Honor/189_ooo_processor_top/189_ooo_processor_top.srcs/sources_1/imports/new/control_unit.sv" into library xil_defaultlib
INFO: [VRFC 10-311] analyzing module control_unit
INFO: [VRFC 10-2263] Analyzing SystemVerilog file "D:/Vivado_Project/116C_Honor/189_ooo_processor_top/189_ooo_processor_top.srcs/sources_1/imports/new/data_memory.sv" into library xil_defaultlib
INFO: [VRFC 10-311] analyzing module data_memory
INFO: [VRFC 10-2263] Analyzing SystemVerilog file "D:/Vivado_Project/116C_Honor/189_ooo_processor_top/189_ooo_processor_top.srcs/sources_1/imports/new/decode_module.sv" into library xil_defaultlib
INFO: [VRFC 10-311] analyzing module decode_module
INFO: [VRFC 10-2263] Analyzing SystemVerilog file "D:/Vivado_Project/116C_Honor/189_ooo_processor_top/189_ooo_processor_top.srcs/sources_1/imports/new/dispatch.sv" into library xil_defaultlib
INFO: [VRFC 10-311] analyzing module dispatch_module
INFO: [VRFC 10-2263] Analyzing SystemVerilog file "D:/Vivado_Project/116C_Honor/189_ooo_processor_top/189_ooo_processor_top.srcs/sources_1/imports/new/fetch_module.sv" into library xil_defaultlib
INFO: [VRFC 10-311] analyzing module fetch_module
INFO: [VRFC 10-2263] Analyzing SystemVerilog file "D:/Vivado_Project/116C_Honor/189_ooo_processor_top/189_ooo_processor_top.srcs/sources_1/imports/new/free_list.sv" into library xil_defaultlib
INFO: [VRFC 10-311] analyzing module free_list
WARNING: [VRFC 10-10080] select on function call violates IEEE 1800 syntax [D:/Vivado_Project/116C_Honor/189_ooo_processor_top/189_ooo_processor_top.srcs/sources_1/imports/new/free_list.sv:74]
WARNING: [VRFC 10-10080] select on function call violates IEEE 1800 syntax [D:/Vivado_Project/116C_Honor/189_ooo_processor_top/189_ooo_processor_top.srcs/sources_1/imports/new/free_list.sv:117]
INFO: [VRFC 10-2263] Analyzing SystemVerilog file "D:/Vivado_Project/116C_Honor/189_ooo_processor_top/189_ooo_processor_top.srcs/sources_1/imports/new/i_cache.sv" into library xil_defaultlib
INFO: [VRFC 10-311] analyzing module i_cache
INFO: [VRFC 10-2263] Analyzing SystemVerilog file "D:/Vivado_Project/116C_Honor/189_ooo_processor_top/189_ooo_processor_top.srcs/sources_1/imports/new/imm_gen.sv" into library xil_defaultlib
INFO: [VRFC 10-311] analyzing module imm_gen
INFO: [VRFC 10-2263] Analyzing SystemVerilog file "D:/Vivado_Project/116C_Honor/189_ooo_processor_top/189_ooo_processor_top.srcs/sources_1/imports/new/map_table.sv" into library xil_defaultlib
INFO: [VRFC 10-311] analyzing module map_table
INFO: [VRFC 10-2263] Analyzing SystemVerilog file "D:/Vivado_Project/116C_Honor/189_ooo_processor_top/189_ooo_processor_top.srcs/sources_1/imports/new/pc_counter.sv" into library xil_defaultlib
INFO: [VRFC 10-311] analyzing module pc_counter
INFO: [VRFC 10-2263] Analyzing SystemVerilog file "D:/Vivado_Project/116C_Honor/189_ooo_processor_top/189_ooo_processor_top.srcs/sources_1/imports/new/pipeline_skid_buffer_struct.sv" into library xil_defaultlib
INFO: [VRFC 10-311] analyzing module pipeline_skid_buffer_struct
INFO: [VRFC 10-2263] Analyzing SystemVerilog file "D:/Vivado_Project/116C_Honor/189_ooo_processor_top/189_ooo_processor_top.srcs/sources_1/imports/new/rename.sv" into library xil_defaultlib
INFO: [VRFC 10-311] analyzing module rename_module
INFO: [VRFC 10-2263] Analyzing SystemVerilog file "D:/Vivado_Project/116C_Honor/189_ooo_processor_top/189_ooo_processor_top.srcs/sources_1/imports/new/rob_tag.sv" into library xil_defaultlib
INFO: [VRFC 10-311] analyzing module rob_tag
INFO: [VRFC 10-2263] Analyzing SystemVerilog file "D:/Vivado_Project/116C_Honor/189_ooo_processor_top/189_ooo_processor_top.srcs/sources_1/imports/new/top.sv" into library xil_defaultlib
INFO: [VRFC 10-311] analyzing module top
WARNING: [VRFC 10-2938] 'sq_alloc_ready' is already implicitly declared on line 293 [D:/Vivado_Project/116C_Honor/189_ooo_processor_top/189_ooo_processor_top.srcs/sources_1/imports/new/top.sv:379]
INFO: [VRFC 10-2263] Analyzing SystemVerilog file "D:/Vivado_Project/116C_Honor/189_ooo_processor_top/189_ooo_processor_top.srcs/sim_1/new/top_tb.sv" into library xil_defaultlib
INFO: [VRFC 10-311] analyzing module top_tb
